// Jest Snapshot v1, https://goo.gl/fbAQLP

exports[`FocusOnScroll Component Suite FocusOnScroll Component should render with defaults 1`] = `
<div
  className=""
  onClick={[Function]}
>
  <section
    className="rfs-section focused"
    id="rfs-section-0"
    key="rfs-section-0/.0"
    style={
      Object {
        "opacity": 1,
        "transition": "opacity 0.1s ease-in-out",
      }
    }
  >
    <div>
       This is a test
    </div>
  </section>
  <section
    className="rfs-section "
    id="rfs-section-1"
    key="rfs-section-1/.1"
    style={
      Object {
        "opacity": 0.5,
        "transition": "opacity 0.1s ease-in-out",
      }
    }
  >
    <div>
       This is a test
    </div>
  </section>
</div>
`;
